../Core/Src/main.c:71:6:HAL_UART_ErrorCallback	2
../Core/Src/main.c:80:6:HAL_UART_RxHalfCpltCallback	5
../Core/Src/main.c:93:6:HAL_UART_RxCpltCallback	5
../Core/Src/main.c:108:6:map	1
../Core/Src/main.c:118:5:main	1
../Core/Src/main.c:170:6:SystemClock_Config	3
../Core/Src/main.c:210:13:MX_TIM3_Init	4
../Core/Src/main.c:259:13:MX_TIM4_Init	4
../Core/Src/main.c:304:13:MX_USART1_UART_Init	2
../Core/Src/main.c:335:13:MX_DMA_Init	1
../Core/Src/main.c:356:13:MX_GPIO_Init	1
../Core/Src/main.c:392:6:Error_Handler	1
