../Core/Src/main.c:69:6:HAL_UART_ErrorCallback	16	static
../Core/Src/main.c:78:6:HAL_UART_RxHalfCpltCallback	16	static
../Core/Src/main.c:91:6:HAL_UART_RxCpltCallback	16	static
../Core/Src/main.c:113:5:main	8	static
../Core/Src/main.c:161:6:SystemClock_Config	72	static
../Core/Src/main.c:201:13:MX_TIM4_Init	32	static
../Core/Src/main.c:246:13:MX_USART1_UART_Init	8	static
../Core/Src/main.c:277:13:MX_DMA_Init	16	static
../Core/Src/main.c:298:13:MX_GPIO_Init	40	static
../Core/Src/main.c:334:6:Error_Handler	4	static,ignoring_inline_asm
