../Core/Src/main.c:71:6:HAL_UART_ErrorCallback	16	static
../Core/Src/main.c:80:6:HAL_UART_RxHalfCpltCallback	16	static
../Core/Src/main.c:93:6:HAL_UART_RxCpltCallback	16	static
../Core/Src/main.c:108:6:map	24	static
../Core/Src/main.c:118:5:main	16	static
../Core/Src/main.c:170:6:SystemClock_Config	72	static
../Core/Src/main.c:210:13:MX_TIM3_Init	48	static
../Core/Src/main.c:259:13:MX_TIM4_Init	32	static
../Core/Src/main.c:304:13:MX_USART1_UART_Init	8	static
../Core/Src/main.c:335:13:MX_DMA_Init	16	static
../Core/Src/main.c:356:13:MX_GPIO_Init	40	static
../Core/Src/main.c:392:6:Error_Handler	4	static,ignoring_inline_asm
